// Jest Snapshot v1, https://goo.gl/fbAQLP

exports[`Component AboutModal - test AboutModal - snapshot 1`] = `
<RCTSafeAreaView
  emulateUnlessSupported={true}
  style={
    Object {
      "alignItems": "stretch",
      "backgroundColor": "rgb(242, 242, 242)",
      "display": "flex",
      "height": "100%",
      "justifyContent": "flex-start",
    }
  }
>
  <View>
    <View
      style={
        Object {
          "alignItems": "center",
          "backgroundColor": "rgb(255, 255, 255)",
          "paddingBottom": 25,
          "paddingTop": 25,
        }
      }
    >
      <Text
        style={
          Object {
            "color": "rgb(28, 28, 30)",
            "fontSize": 28,
            "marginTop": 5,
            "padding": 5,
          }
        }
      >
        Zingo v0.0.1
      </Text>
    </View>
    <View
      style={
        Object {
          "alignItems": "center",
          "display": "flex",
          "marginTop": -25,
        }
      }
    >
      <Image
        source={
          Object {
            "testUri": "../../../assets/img/logobig-zingo.png",
          }
        }
        style={
          Object {
            "height": 50,
            "resizeMode": "contain",
            "width": 50,
          }
        }
      />
    </View>
  </View>
  <RCTScrollView
    contentContainerStyle={
      Object {
        "alignItems": "stretch",
        "flexDirection": "column",
        "justifyContent": "flex-start",
      }
    }
    style={
      Object {
        "maxHeight": "85%",
      }
    }
  >
    <View>
      <Text
        style={
          Object {
            "color": "rgb(28, 28, 30)",
            "opacity": 0.65,
          }
        }
      >
        

        Copyright (c) 2022, ZingoLabs.
        

        

        Built with React Native.
        

        

        The MIT License (MIT) Copyright (c) 2022 Zingo
        

        

        Permission is hereby granted, free of charge, to any person obtaining a copy of this software and associated documentation files (the "Software"), to deal in the Software without restriction, including without limitation the rights to use, copy, modify, merge, publish, distribute, sublicense, and/or sell copies of the Software, and to permit persons to whom the Software is furnished to do so, subject to the following conditions:
        

        

        The above copyright notice and this permission notice shall be included in all copies or substantial portions of the Software.
        

        

        THE SOFTWARE IS PROVIDED "AS IS", WITHOUT WARRANTY OF ANY KIND, EXPRESS OR IMPLIED, INCLUDING BUT NOT LIMITED TO THE WARRANTIES OF MERCHANTABILITY, FITNESS FOR A PARTICULAR PURPOSE AND NONINFRINGEMENT. IN NO EVENT SHALL THE AUTHORS OR COPYRIGHT HOLDERS BE LIABLE FOR ANY CLAIM, DAMAGES OR OTHER LIABILITY, WHETHER IN AN ACTION OF CONTRACT, TORT OR OTHERWISE, ARISING FROM, OUT OF OR IN CONNECTION WITH THE SOFTWARE OR THE USE OR OTHER DEALINGS IN THE SOFTWARE.
      </Text>
    </View>
  </RCTScrollView>
  <View
    style={
      Object {
        "alignItems": "center",
        "flexDirection": "row",
        "flexGrow": 1,
        "justifyContent": "center",
        "margin": 10,
      }
    }
  >
    <View
      accessible={true}
      focusable={true}
      onClick={[Function]}
      onResponderGrant={[Function]}
      onResponderMove={[Function]}
      onResponderRelease={[Function]}
      onResponderTerminate={[Function]}
      onResponderTerminationRequest={[Function]}
      onStartShouldSetResponder={[Function]}
      style={
        Object {
          "borderColor": "rgb(28, 28, 30)",
          "borderRadius": 10,
          "borderWidth": 1,
          "opacity": 1,
          "padding": 10,
          "paddingLeft": 20,
          "paddingRight": 20,
          "width": "40%",
        }
      }
    >
      <Text
        style={
          Object {
            "color": "rgb(28, 28, 30)",
            "fontWeight": "bold",
            "textAlign": "center",
            "textTransform": "uppercase",
          }
        }
      >
        Close
      </Text>
    </View>
  </View>
</RCTSafeAreaView>
`;
