// Jest Snapshot v1, https://goo.gl/fbAQLP

exports[`Component Transactions - test Transactions - snapshot 1`] = `
<View
  accessibilityLabel="text translated"
  accessible={true}
  style={
    {
      "display": "flex",
      "justifyContent": "flex-start",
      "marginBottom": 140,
      "width": "100%",
    }
  }
>
  <Modal
    animationType="slide"
    hardwareAccelerated={false}
    onRequestClose={[Function]}
    transparent={false}
    visible={false}
  />
  <View
    style={
      {
        "alignItems": "center",
        "backgroundColor": "rgb(255, 255, 255)",
        "display": "flex",
        "paddingBottom": 0,
        "paddingTop": 10,
        "zIndex": -1,
      }
    }
    testID="header"
  >
    <Image
      source={
        {
          "testUri": "../../../assets/img/logobig-zingo.png",
        }
      }
      style={
        {
          "height": 80,
          "resizeMode": "contain",
          "width": 80,
        }
      }
    />
    <View
      style={
        {
          "alignItems": "center",
          "flexDirection": "row",
          "justifyContent": "center",
          "margin": 0,
        }
      }
    >
      <View
        style={
          {
            "alignItems": "baseline",
            "flexDirection": "row",
          }
        }
      >
        <View
          accessibilityState={
            {
              "disabled": true,
            }
          }
          accessible={true}
          collapsable={false}
          focusable={true}
          onClick={[Function]}
          onResponderGrant={[Function]}
          onResponderMove={[Function]}
          onResponderRelease={[Function]}
          onResponderTerminate={[Function]}
          onResponderTerminationRequest={[Function]}
          onStartShouldSetResponder={[Function]}
          style={
            {
              "opacity": 1,
            }
          }
        >
          <View
            style={
              {
                "alignItems": "baseline",
                "flexDirection": "row",
              }
            }
          >
            <Text
              style={
                {
                  "color": "rgb(28, 28, 30)",
                  "fontSize": 36,
                }
              }
            >
              á™‡
            </Text>
            <Text
              style={
                {
                  "color": "rgb(28, 28, 30)",
                  "fontSize": 36,
                  "fontWeight": "700",
                }
              }
            >
               1.1234
            </Text>
            <Text
              style={
                {
                  "color": "rgb(28, 28, 30)",
                  "fontSize": 25.2,
                  "paddingBottom": 0,
                }
              }
            >
              5678
            </Text>
            <Text
              style={
                {
                  "color": "rgb(28, 28, 30)",
                  "fontSize": 36,
                }
              }
            >
               ZEC
            </Text>
          </View>
        </View>
      </View>
    </View>
    <View
      style={
        {
          "alignItems": "center",
          "display": "flex",
          "flexDirection": "row",
          "flexWrap": "wrap",
          "justifyContent": "center",
          "marginVertical": 5,
        }
      }
    >
      <View
        style={
          {
            "alignItems": "center",
            "display": "flex",
            "flexDirection": "column",
            "flexWrap": "wrap",
            "justifyContent": "center",
          }
        }
      >
        <Text
          style={
            {
              "color": "rgb(28, 28, 30)",
              "fontSize": 18,
              "fontWeight": "600",
              "opacity": 1,
              "paddingHorizontal": 5,
            }
          }
          testID="transaction text"
        >
          text translated
        </Text>
      </View>
      <View
        accessible={true}
        collapsable={false}
        focusable={true}
        onClick={[Function]}
        onResponderGrant={[Function]}
        onResponderMove={[Function]}
        onResponderRelease={[Function]}
        onResponderTerminate={[Function]}
        onResponderTerminationRequest={[Function]}
        onStartShouldSetResponder={[Function]}
        style={
          {
            "opacity": 1,
          }
        }
      >
        <
          color="red"
          icon={
            {
              "icon": [
                640,
                512,
                [
                  62337,
                  "cloud-download",
                  "cloud-download-alt",
                ],
                "f0ed",
                "M144 480C64.5 480 0 415.5 0 336c0-62.8 40.2-116.2 96.2-135.9c-.1-2.7-.2-5.4-.2-8.1c0-88.4 71.6-160 160-160c59.3 0 111 32.2 138.7 80.2C409.9 102 428.3 96 448 96c53 0 96 43 96 96c0 12.2-2.3 23.8-6.4 34.6C596 238.4 640 290.1 640 352c0 70.7-57.3 128-128 128H144zm79-167l80 80c9.4 9.4 24.6 9.4 33.9 0l80-80c9.4-9.4 9.4-24.6 0-33.9s-24.6-9.4-33.9 0l-39 39V184c0-13.3-10.7-24-24-24s-24 10.7-24 24V318.1l-39-39c-9.4-9.4-24.6-9.4-33.9 0s-9.4 24.6 0 33.9z",
              ],
              "iconName": "cloud-arrow-down",
              "prefix": "fas",
            }
          }
          size={20}
        />
      </View>
    </View>
    <View
      style={
        {
          "backgroundColor": "rgb(255, 255, 255)",
          "left": 0,
          "padding": 10,
          "position": "absolute",
        }
      }
    >
      <View
        accessibilityLabel="text translated"
        accessible={true}
        collapsable={false}
        focusable={true}
        onClick={[Function]}
        onResponderGrant={[Function]}
        onResponderMove={[Function]}
        onResponderRelease={[Function]}
        onResponderTerminate={[Function]}
        onResponderTerminationRequest={[Function]}
        onStartShouldSetResponder={[Function]}
        style={
          {
            "opacity": 1,
          }
        }
        testID="header.drawmenu"
      >
        <
          color="rgb(216, 216, 216)"
          icon={
            {
              "icon": [
                448,
                512,
                [
                  "navicon",
                ],
                "f0c9",
                "M0 96C0 78.3 14.3 64 32 64H416c17.7 0 32 14.3 32 32s-14.3 32-32 32H32C14.3 128 0 113.7 0 96zM0 256c0-17.7 14.3-32 32-32H416c17.7 0 32 14.3 32 32s-14.3 32-32 32H32c-17.7 0-32-14.3-32-32zM448 416c0 17.7-14.3 32-32 32H32c-17.7 0-32-14.3-32-32s14.3-32 32-32H416c17.7 0 32 14.3 32 32z",
              ],
              "iconName": "bars",
              "prefix": "fas",
            }
          }
          size={48}
        />
      </View>
    </View>
    <View
      style={
        {
          "alignItems": "flex-end",
          "padding": 15,
          "position": "absolute",
          "right": 0,
        }
      }
    >
      <Text
        style={
          {
            "color": "rgb(216, 216, 216)",
            "fontSize": 8,
          }
        }
      >
        text translated
      </Text>
      <Text
        style={
          {
            "color": "rgb(216, 216, 216)",
            "fontSize": 8,
          }
        }
      >
        (undefinedxundefined)-undefined
      </Text>
    </View>
    <View
      style={
        {
          "backgroundColor": "rgb(0, 122, 255)",
          "height": 1,
          "width": "100%",
        }
      }
    />
  </View>
  <RCTScrollView
    accessibilityLabel="text translated"
    accessible={true}
    refreshControl={
      <RefreshControlMock
        onRefresh={[MockFunction]}
        refreshing={false}
        tintColor="rgb(28, 28, 30)"
        title="text translated"
      />
    }
    style={
      {
        "flexGrow": 1,
        "height": "100%",
        "marginTop": 10,
        "width": "100%",
      }
    }
  >
    <RCTRefreshControl />
    <View>
      <View
        style={
          {
            "display": "flex",
            "flexDirection": "column",
          }
        }
        testID="transactionList.1"
      >
        <View
          style={
            {
              "backgroundColor": "rgb(242, 242, 242)",
              "borderBottomWidth": 1,
              "borderColor": "rgb(255, 255, 255)",
              "borderTopWidth": 1,
              "paddingBottom": 5,
              "paddingLeft": 15,
              "paddingTop": 5,
            }
          }
        >
          <Text
            style={
              {
                "color": "rgb(28, 28, 30)",
                "opacity": 0.65,
              }
            }
          >
            Dec 2022
          </Text>
        </View>
        <View
          onPress={[Function]}
        >
          <View
            style={
              {
                "borderBottomColor": "rgb(216, 216, 216)",
                "borderBottomWidth": 1,
                "display": "flex",
                "flexDirection": "row",
                "marginTop": 15,
                "paddingBottom": 15,
              }
            }
          >
            <
              color="rgb(0, 122, 255)"
              icon={
                {
                  "icon": [
                    384,
                    512,
                    [
                      8595,
                    ],
                    "f063",
                    "M169.4 470.6c12.5 12.5 32.8 12.5 45.3 0l160-160c12.5-12.5 12.5-32.8 0-45.3s-32.8-12.5-45.3 0L224 370.8 224 64c0-17.7-14.3-32-32-32s-32 14.3-32 32l0 306.7L54.6 265.4c-12.5-12.5-32.8-12.5-45.3 0s-12.5 32.8 0 45.3l160 160z",
                  ],
                  "iconName": "arrow-down",
                  "prefix": "fas",
                }
              }
              size={24}
              style={
                {
                  "marginLeft": 5,
                  "marginRight": 5,
                  "marginTop": 5,
                }
              }
            />
            <View
              style={
                {
                  "display": "flex",
                }
              }
            >
              <Text
                style={
                  {
                    "color": "rgb(28, 28, 30)",
                    "fontSize": 18,
                    "opacity": 0.65,
                  }
                }
              >
                Unknown
              </Text>
              <View
                style={
                  {
                    "display": "flex",
                    "flexDirection": "row",
                  }
                }
              >
                <Text
                  style={
                    {
                      "color": "rgb(28, 28, 30)",
                      "opacity": 0.65,
                    }
                  }
                >
                  text translated
                </Text>
                <Text
                  style={
                    {
                      "color": "rgb(28, 28, 30)",
                      "opacity": 0.65,
                    }
                  }
                >
                  Dec 13, 8:00 am
                </Text>
              </View>
            </View>
            <View
              style={
                {
                  "alignItems": "baseline",
                  "alignSelf": "baseline",
                  "flexDirection": "row",
                  "flexGrow": 1,
                  "justifyContent": "flex-end",
                  "paddingRight": 5,
                }
              }
            >
              <View
                accessibilityState={
                  {
                    "disabled": true,
                  }
                }
                accessible={true}
                collapsable={false}
                focusable={true}
                onClick={[Function]}
                onResponderGrant={[Function]}
                onResponderMove={[Function]}
                onResponderRelease={[Function]}
                onResponderTerminate={[Function]}
                onResponderTerminationRequest={[Function]}
                onStartShouldSetResponder={[Function]}
                style={
                  {
                    "opacity": 1,
                  }
                }
              >
                <View
                  style={
                    {
                      "alignItems": "baseline",
                      "alignSelf": "baseline",
                      "flexDirection": "row",
                      "flexGrow": 1,
                      "justifyContent": "flex-end",
                      "paddingRight": 5,
                    }
                  }
                >
                  <Text
                    style={
                      {
                        "color": "rgb(0, 122, 255)",
                        "fontSize": 18,
                      }
                    }
                  >
                    á™‡
                  </Text>
                  <Text
                    style={
                      {
                        "color": "rgb(0, 122, 255)",
                        "fontSize": 18,
                        "fontWeight": "700",
                      }
                    }
                  >
                     0.1234
                  </Text>
                  <Text
                    style={
                      {
                        "color": "rgb(0, 122, 255)",
                        "fontSize": 12.6,
                        "paddingBottom": 0,
                      }
                    }
                  >
                    5678
                  </Text>
                  <Text
                    style={
                      {
                        "color": "rgb(0, 122, 255)",
                        "fontSize": 18,
                      }
                    }
                  >
                     á™‡
                  </Text>
                </View>
              </View>
            </View>
          </View>
        </View>
      </View>
      <View
        style={
          {
            "display": "flex",
            "flexDirection": "column",
          }
        }
        testID="transactionList.2"
      >
        <View
          onPress={[Function]}
        >
          <View
            style={
              {
                "borderBottomColor": "rgb(216, 216, 216)",
                "borderBottomWidth": 1,
                "display": "flex",
                "flexDirection": "row",
                "marginTop": 15,
                "paddingBottom": 15,
              }
            }
          >
            <
              color="rgb(0, 122, 255)"
              icon={
                {
                  "icon": [
                    384,
                    512,
                    [
                      8595,
                    ],
                    "f063",
                    "M169.4 470.6c12.5 12.5 32.8 12.5 45.3 0l160-160c12.5-12.5 12.5-32.8 0-45.3s-32.8-12.5-45.3 0L224 370.8 224 64c0-17.7-14.3-32-32-32s-32 14.3-32 32l0 306.7L54.6 265.4c-12.5-12.5-32.8-12.5-45.3 0s-12.5 32.8 0 45.3l160 160z",
                  ],
                  "iconName": "arrow-down",
                  "prefix": "fas",
                }
              }
              size={24}
              style={
                {
                  "marginLeft": 5,
                  "marginRight": 5,
                  "marginTop": 5,
                }
              }
            />
            <View
              style={
                {
                  "display": "flex",
                }
              }
            >
              <Text
                style={
                  {
                    "color": "rgb(28, 28, 30)",
                    "fontSize": 18,
                    "opacity": 0.65,
                  }
                }
              >
                Unknown
              </Text>
              <View
                style={
                  {
                    "display": "flex",
                    "flexDirection": "row",
                  }
                }
              >
                <Text
                  style={
                    {
                      "color": "rgb(28, 28, 30)",
                      "opacity": 0.65,
                    }
                  }
                >
                  text translated
                </Text>
                <Text
                  style={
                    {
                      "color": "rgb(28, 28, 30)",
                      "opacity": 0.65,
                    }
                  }
                >
                  Dec 13, 8:00 am
                </Text>
              </View>
            </View>
            <View
              style={
                {
                  "alignItems": "baseline",
                  "alignSelf": "baseline",
                  "flexDirection": "row",
                  "flexGrow": 1,
                  "justifyContent": "flex-end",
                  "paddingRight": 5,
                }
              }
            >
              <View
                accessibilityState={
                  {
                    "disabled": true,
                  }
                }
                accessible={true}
                collapsable={false}
                focusable={true}
                onClick={[Function]}
                onResponderGrant={[Function]}
                onResponderMove={[Function]}
                onResponderRelease={[Function]}
                onResponderTerminate={[Function]}
                onResponderTerminationRequest={[Function]}
                onStartShouldSetResponder={[Function]}
                style={
                  {
                    "opacity": 1,
                  }
                }
              >
                <View
                  style={
                    {
                      "alignItems": "baseline",
                      "alignSelf": "baseline",
                      "flexDirection": "row",
                      "flexGrow": 1,
                      "justifyContent": "flex-end",
                      "paddingRight": 5,
                    }
                  }
                >
                  <Text
                    style={
                      {
                        "color": "rgb(0, 122, 255)",
                        "fontSize": 18,
                      }
                    }
                  >
                    á™‡
                  </Text>
                  <Text
                    style={
                      {
                        "color": "rgb(0, 122, 255)",
                        "fontSize": 18,
                        "fontWeight": "700",
                      }
                    }
                  >
                     0.8765
                  </Text>
                  <Text
                    style={
                      {
                        "color": "rgb(0, 122, 255)",
                        "fontSize": 12.6,
                        "paddingBottom": 0,
                      }
                    }
                  >
                    4321
                  </Text>
                  <Text
                    style={
                      {
                        "color": "rgb(0, 122, 255)",
                        "fontSize": 18,
                      }
                    }
                  >
                     á™‡
                  </Text>
                </View>
              </View>
            </View>
          </View>
        </View>
      </View>
      <View
        style={
          {
            "alignItems": "center",
            "display": "flex",
            "height": 150,
            "justifyContent": "flex-start",
            "marginBottom": 30,
            "marginTop": 5,
          }
        }
      >
        <Text
          style={
            {
              "color": "rgb(0, 122, 255)",
              "opacity": 0.65,
            }
          }
        >
          text translated
        </Text>
      </View>
    </View>
  </RCTScrollView>
</View>
`;
