// Jest Snapshot v1, https://goo.gl/fbAQLP

exports[`Component ImportKeyModal - test Matches the snapshot ImportKeyModal 1`] = `
<RCTSafeAreaView
  emulateUnlessSupported={true}
  style={
    Object {
      "alignItems": "stretch",
      "backgroundColor": "rgb(242, 242, 242)",
      "display": "flex",
      "height": "100%",
      "justifyContent": "flex-start",
    }
  }
>
  <View>
    <View
      style={
        Object {
          "alignItems": "center",
          "backgroundColor": "rgb(255, 255, 255)",
          "paddingBottom": 25,
          "paddingTop": 25,
        }
      }
    >
      <Text
        style={
          Object {
            "color": "rgb(28, 28, 30)",
            "fontSize": 28,
            "marginTop": 5,
            "padding": 5,
          }
        }
      >
        Import Key
      </Text>
    </View>
    <View
      style={
        Object {
          "alignItems": "center",
          "display": "flex",
          "marginTop": -25,
        }
      }
    >
      <Image
        source={
          Object {
            "testUri": "../../../assets/img/logobig.png",
          }
        }
        style={
          Object {
            "height": 50,
            "resizeMode": "contain",
            "width": 50,
          }
        }
      />
    </View>
  </View>
  <Modal
    animationType="slide"
    hardwareAccelerated={false}
    onRequestClose={[Function]}
    transparent={false}
    visible={false}
  >
    <mockQRCodeScanner />
  </Modal>
  <RCTScrollView
    contentContainerStyle={
      Object {
        "alignItems": "center",
        "flexDirection": "column",
        "justifyContent": "flex-start",
      }
    }
    keyboardShouldPersistTaps="handled"
    style={
      Object {
        "maxHeight": "85%",
      }
    }
  >
    <View>
      <Text
        style={
          Array [
            Object {
              "margin": 20,
            },
            Object {
              "color": "rgb(28, 28, 30)",
              "fontSize": 18,
              "fontWeight": "600",
              "opacity": 0.87,
            },
          ]
        }
      >
        Private or Viewing key
      </Text>
      <TextInput
        allowFontScaling={true}
        editable={false}
        multiline={true}
        onChangeText={[Function]}
        rejectResponderTermination={true}
        style={
          Array [
            Object {
              "borderColor": "gray",
              "borderWidth": 1,
              "maxWidth": "95%",
              "minHeight": 100,
              "minWidth": "95%",
            },
            Object {
              "padding": 10,
            },
            Object {
              "color": "rgb(28, 28, 30)",
            },
            Object {
              "fontWeight": "600",
            },
          ]
        }
        underlineColorAndroid="transparent"
        value=""
      />
      <View
        accessible={true}
        focusable={true}
        onClick={[Function]}
        onResponderGrant={[Function]}
        onResponderMove={[Function]}
        onResponderRelease={[Function]}
        onResponderTerminate={[Function]}
        onResponderTerminationRequest={[Function]}
        onStartShouldSetResponder={[Function]}
        style={
          Object {
            "opacity": 1,
          }
        }
      >
        <Image
          source={
            Object {
              "testUri": "../../../assets/img/qr-code-scan.png",
            }
          }
          style={
            Object {
              "height": 50,
              "marginTop": 15,
              "resizeMode": "contain",
              "width": 50,
            }
          }
        />
      </View>
      <Text
        style={
          Array [
            Object {
              "marginTop": 50,
            },
            Object {
              "textAlign": "center",
            },
            Object {
              "color": "rgb(28, 28, 30)",
              "fontSize": 18,
              "fontWeight": "600",
              "opacity": 0.87,
            },
          ]
        }
      >
        Key Birthday
      </Text>
      <Text
        style={
          Object {
            "color": "rgb(28, 28, 30)",
            "opacity": 0.65,
          }
        }
      >
        Block height of first transaction. (OK to leave blank)
      </Text>
      <TextInput
        allowFontScaling={true}
        editable={false}
        keyboardType="numeric"
        onChangeText={[Function]}
        rejectResponderTermination={true}
        style={
          Array [
            Object {
              "borderColor": "gray",
              "borderWidth": 1,
              "maxWidth": "50%",
              "minWidth": "50%",
            },
            Object {
              "padding": 10,
            },
            Object {
              "color": "rgb(28, 28, 30)",
            },
            Object {
              "fontWeight": "600",
            },
          ]
        }
        underlineColorAndroid="transparent"
        value="0"
      />
      <Text
        style={
          Object {
            "color": "rgb(28, 28, 30)",
            "margin": 20,
            "opacity": 0.65,
          }
        }
      >
        Importing a key requires a rescan, and make take a long time to complete. Your balances will update automatically.
      </Text>
    </View>
  </RCTScrollView>
  <View
    style={
      Object {
        "alignItems": "center",
        "flexDirection": "row",
        "flexGrow": 1,
        "justifyContent": "space-around",
        "margin": 10,
      }
    }
  >
    <View
      accessible={true}
      focusable={true}
      onClick={[Function]}
      onResponderGrant={[Function]}
      onResponderMove={[Function]}
      onResponderRelease={[Function]}
      onResponderTerminate={[Function]}
      onResponderTerminationRequest={[Function]}
      onStartShouldSetResponder={[Function]}
      style={
        Object {
          "backgroundColor": "rgb(0, 122, 255)",
          "borderRadius": 10,
          "opacity": 1,
          "padding": 10,
          "paddingLeft": 20,
          "paddingRight": 20,
          "width": "40%",
        }
      }
    >
      <Text
        style={
          Object {
            "color": "rgb(242, 242, 242)",
            "fontWeight": "bold",
            "textAlign": "center",
            "textTransform": "uppercase",
          }
        }
      >
        Import
      </Text>
    </View>
    <View
      accessible={true}
      focusable={true}
      onClick={[Function]}
      onResponderGrant={[Function]}
      onResponderMove={[Function]}
      onResponderRelease={[Function]}
      onResponderTerminate={[Function]}
      onResponderTerminationRequest={[Function]}
      onStartShouldSetResponder={[Function]}
      style={
        Object {
          "borderColor": "rgb(28, 28, 30)",
          "borderRadius": 10,
          "borderWidth": 1,
          "opacity": 1,
          "padding": 10,
          "paddingLeft": 20,
          "paddingRight": 20,
          "width": "40%",
        }
      }
    >
      <Text
        style={
          Object {
            "color": "rgb(28, 28, 30)",
            "fontWeight": "bold",
            "textAlign": "center",
            "textTransform": "uppercase",
          }
        }
      >
        Close
      </Text>
    </View>
  </View>
</RCTSafeAreaView>
`;
