// Jest Snapshot v1, https://goo.gl/fbAQLP

exports[`Component InfoModal - test Matches the snapshot InfoModal 1`] = `
<RCTSafeAreaView
  emulateUnlessSupported={true}
  style={
    Object {
      "alignItems": "stretch",
      "backgroundColor": "rgb(242, 242, 242)",
      "display": "flex",
      "height": "100%",
      "justifyContent": "flex-start",
    }
  }
>
  <RCTScrollView
    contentContainerStyle={
      Object {
        "alignItems": "stretch",
        "flexDirection": "column",
        "justifyContent": "flex-start",
      }
    }
    style={
      Object {
        "maxHeight": "85%",
      }
    }
  >
    <View>
      <View>
        <View
          style={
            Object {
              "alignItems": "center",
              "backgroundColor": "rgb(255, 255, 255)",
              "paddingBottom": 25,
            }
          }
        >
          <Text
            style={
              Object {
                "color": "rgb(28, 28, 30)",
                "fontSize": 28,
                "marginTop": 5,
                "padding": 5,
              }
            }
          >
            Server Info
          </Text>
        </View>
        <View
          style={
            Object {
              "alignItems": "center",
              "display": "flex",
              "marginTop": -25,
            }
          }
        >
          <Image
            source={
              Object {
                "testUri": "../../../assets/img/logobig.png",
              }
            }
            style={
              Object {
                "height": 50,
                "resizeMode": "contain",
                "width": 50,
              }
            }
          />
        </View>
      </View>
      <View
        style={
          Object {
            "display": "flex",
            "margin": 10,
          }
        }
      >
        <View
          style={
            Object {
              "display": "flex",
              "marginTop": 20,
            }
          }
        >
          <Text
            style={
              Object {
                "color": "rgb(28, 28, 30)",
                "opacity": 0.65,
              }
            }
          >
            Wallet Version
          </Text>
          <Text
            style={
              Array [
                Object {
                  "color": "rgb(28, 28, 30)",
                  "fontSize": 18,
                  "fontWeight": "600",
                  "opacity": 0.87,
                },
              ]
            }
          >
            zecwallet DAO v1.7.8
          </Text>
        </View>
        <View
          style={
            Object {
              "display": "flex",
              "marginTop": 20,
            }
          }
        >
          <Text
            style={
              Object {
                "color": "rgb(28, 28, 30)",
                "opacity": 0.65,
              }
            }
          >
            Server Version
          </Text>
          <Text
            style={
              Array [
                Object {
                  "color": "rgb(28, 28, 30)",
                  "fontSize": 18,
                  "fontWeight": "600",
                  "opacity": 0.87,
                },
              ]
            }
          />
        </View>
        <View
          style={
            Object {
              "display": "flex",
              "marginTop": 20,
            }
          }
        >
          <Text
            style={
              Object {
                "color": "rgb(28, 28, 30)",
                "opacity": 0.65,
              }
            }
          >
            Lightwallet Server URL
          </Text>
          <Text
            style={
              Array [
                Object {
                  "color": "rgb(28, 28, 30)",
                  "fontSize": 18,
                  "fontWeight": "600",
                  "opacity": 0.87,
                },
              ]
            }
          />
        </View>
        <View
          style={
            Object {
              "display": "flex",
              "marginTop": 20,
            }
          }
        >
          <Text
            style={
              Object {
                "color": "rgb(28, 28, 30)",
                "opacity": 0.65,
              }
            }
          >
            Network
          </Text>
          <Text
            style={
              Array [
                Object {
                  "color": "rgb(28, 28, 30)",
                  "fontSize": 18,
                  "fontWeight": "600",
                  "opacity": 0.87,
                },
              ]
            }
          >
            Mainnet
          </Text>
        </View>
        <View
          style={
            Object {
              "display": "flex",
              "marginTop": 20,
            }
          }
        >
          <Text
            style={
              Object {
                "color": "rgb(28, 28, 30)",
                "opacity": 0.65,
              }
            }
          >
            Server Block Height
          </Text>
          <Text
            style={
              Array [
                Object {
                  "color": "rgb(28, 28, 30)",
                  "fontSize": 18,
                  "fontWeight": "600",
                  "opacity": 0.87,
                },
              ]
            }
          />
        </View>
        <View
          style={
            Object {
              "display": "flex",
              "marginTop": 20,
            }
          }
        >
          <Text
            style={
              Object {
                "color": "rgb(28, 28, 30)",
                "opacity": 0.65,
              }
            }
          >
            ZEC Price
          </Text>
          <Text
            style={
              Array [
                Object {
                  "color": "rgb(28, 28, 30)",
                  "fontSize": 18,
                  "fontWeight": "600",
                  "opacity": 0.87,
                },
              ]
            }
          >
            -
          </Text>
        </View>
      </View>
    </View>
  </RCTScrollView>
  <View
    style={
      Object {
        "alignItems": "center",
        "flexDirection": "row",
        "flexGrow": 1,
        "justifyContent": "center",
      }
    }
  >
    <View
      accessible={true}
      focusable={true}
      onClick={[Function]}
      onResponderGrant={[Function]}
      onResponderMove={[Function]}
      onResponderRelease={[Function]}
      onResponderTerminate={[Function]}
      onResponderTerminationRequest={[Function]}
      onStartShouldSetResponder={[Function]}
      style={
        Object {
          "borderColor": "rgb(28, 28, 30)",
          "borderRadius": 10,
          "borderWidth": 1,
          "opacity": 1,
          "padding": 10,
          "paddingLeft": 20,
          "paddingRight": 20,
          "width": "40%",
        }
      }
    >
      <Text
        style={
          Object {
            "color": "rgb(28, 28, 30)",
            "fontWeight": "bold",
            "textAlign": "center",
            "textTransform": "uppercase",
          }
        }
      >
        Close
      </Text>
    </View>
  </View>
</RCTSafeAreaView>
`;
