// Jest Snapshot v1, https://goo.gl/fbAQLP

exports[`Component Legacy - test Legacy Landscape - snapshot 1`] = `
<View
  style={
    {
      "flexDirection": "row",
      "height": "100%",
    }
  }
>
  <View
    accessibilityLabel="text translated"
    accessible={true}
    style={
      {
        "display": "flex",
        "justifyContent": "flex-start",
        "width": 300,
      }
    }
  >
    <Modal
      animationType="slide"
      hardwareAccelerated={false}
      onRequestClose={[Function]}
      transparent={false}
      visible={false}
    />
    <Modal
      animationType="slide"
      hardwareAccelerated={false}
      onRequestClose={[Function]}
      transparent={false}
      visible={false}
    />
    <View
      style={
        {
          "backgroundColor": "rgb(255, 255, 255)",
          "display": "flex",
          "flexDirection": "row",
          "justifyContent": "center",
          "margin": 0,
          "padding": 0,
        }
      }
    >
      <View
        style={
          {
            "alignItems": "center",
            "backgroundColor": "rgb(255, 255, 255)",
            "padding": 10,
            "width": "100%",
            "zIndex": -1,
          }
        }
      >
        <Image
          source={
            {
              "testUri": "../../../assets/img/logobig-zingo.png",
            }
          }
          style={
            {
              "height": 80,
              "resizeMode": "contain",
              "width": 80,
            }
          }
        />
        <View
          style={
            {
              "alignItems": "baseline",
              "flexDirection": "row",
              "opacity": 0.5,
            }
          }
        >
          <Text
            style={
              {
                "color": undefined,
                "fontSize": 36,
              }
            }
          >
            á™‡
          </Text>
          <Text
            style={
              {
                "color": undefined,
                "fontSize": 36,
                "fontWeight": "700",
              }
            }
          >
             1.1234
          </Text>
          <Text
            style={
              {
                "color": undefined,
                "fontSize": 18,
                "paddingBottom": 0,
              }
            }
          >
            5678
          </Text>
          <Text
            style={
              {
                "color": undefined,
                "fontSize": 36,
              }
            }
          >
             ZEC
          </Text>
        </View>
        <View
          style={
            {
              "backgroundColor": "rgb(0, 122, 255)",
              "height": 1,
              "marginTop": 5,
              "width": "100%",
            }
          }
        />
        <Text
          style={
            {
              "color": "rgb(28, 28, 30)",
              "fontSize": 18,
              "fontWeight": "600",
              "marginTop": 5,
              "opacity": 1,
              "padding": 5,
            }
          }
        >
          text translated
        </Text>
        <View
          style={
            {
              "backgroundColor": "rgb(0, 122, 255)",
              "height": 1,
              "width": "100%",
            }
          }
        />
      </View>
    </View>
    <View
      style={
        {
          "backgroundColor": "rgb(255, 255, 255)",
          "padding": 10,
          "position": "absolute",
        }
      }
    >
      <View
        accessibilityLabel="text translated"
        accessibilityState={
          {
            "busy": undefined,
            "checked": undefined,
            "disabled": undefined,
            "expanded": undefined,
            "selected": undefined,
          }
        }
        accessibilityValue={
          {
            "max": undefined,
            "min": undefined,
            "now": undefined,
            "text": undefined,
          }
        }
        accessible={true}
        collapsable={false}
        focusable={true}
        onClick={[Function]}
        onResponderGrant={[Function]}
        onResponderMove={[Function]}
        onResponderRelease={[Function]}
        onResponderTerminate={[Function]}
        onResponderTerminationRequest={[Function]}
        onStartShouldSetResponder={[Function]}
        style={
          {
            "opacity": 1,
          }
        }
      >
        <
          color="rgb(216, 216, 216)"
          icon={
            {
              "icon": [
                448,
                512,
                [
                  "navicon",
                ],
                "f0c9",
                "M0 96C0 78.3 14.3 64 32 64H416c17.7 0 32 14.3 32 32s-14.3 32-32 32H32C14.3 128 0 113.7 0 96zM0 256c0-17.7 14.3-32 32-32H416c17.7 0 32 14.3 32 32s-14.3 32-32 32H32c-17.7 0-32-14.3-32-32zM448 416c0 17.7-14.3 32-32 32H32c-17.7 0-32-14.3-32-32s14.3-32 32-32H416c17.7 0 32 14.3 32 32z",
              ],
              "iconName": "bars",
              "prefix": "fas",
            }
          }
          size={48}
        />
      </View>
    </View>
    <View
      style={
        {
          "backgroundColor": "rgb(255, 255, 255)",
          "padding": 10,
          "position": "absolute",
          "right": 0,
        }
      }
    >
      <
        actions={
          [
            [Function],
            [Function],
            [Function],
          ]
        }
        buttonStyle={
          {
            "height": 32,
            "margin": 7.5,
            "resizeMode": "contain",
            "width": 32,
          }
        }
        customButton={
          <View
            accessibilityLabel="text translated"
            accessible={true}
          >
            <
              color="rgb(216, 216, 216)"
              icon={
                {
                  "icon": [
                    128,
                    512,
                    [
                      "ellipsis-v",
                    ],
                    "f142",
                    "M64 360c30.9 0 56 25.1 56 56s-25.1 56-56 56s-56-25.1-56-56s25.1-56 56-56zm0-160c30.9 0 56 25.1 56 56s-25.1 56-56 56s-56-25.1-56-56s25.1-56 56-56zM120 96c0 30.9-25.1 56-56 56S8 126.9 8 96S33.1 40 64 40s56 25.1 56 56z",
                  ],
                  "iconName": "ellipsis-vertical",
                  "prefix": "fas",
                }
              }
              size={48}
            />
          </View>
        }
        destructiveIndex={4}
        options={
          [
            "text translated",
            "text translated",
            "text translated",
            "text translated",
          ]
        }
      />
    </View>
  </View>
  <View
    style={
      {
        "alignItems": "center",
        "borderLeftColor": "rgb(216, 216, 216)",
        "borderLeftWidth": 1,
        "height": "100%",
        "padding": 10,
        "width": 300,
      }
    }
  >
    <
      navigationState={
        {
          "index": 0,
          "routes": [
            {
              "key": "zaddr",
              "title": "text translated",
            },
            {
              "key": "taddr",
              "title": "text translated",
            },
          ],
        }
      }
      onIndexChange={[Function]}
      renderScene={[Function]}
      renderTabBar={[Function]}
    />
  </View>
</View>
`;
