// Jest Snapshot v1, https://goo.gl/fbAQLP

exports[`Component LoadedApp - test LoadedApp - snapshot 1`] = `null`;
