// Jest Snapshot v1, https://goo.gl/fbAQLP

exports[`Component LoadingApp - test LoadingApp - snapshot 1`] = `null`;
