// Jest Snapshot v1, https://goo.gl/fbAQLP

exports[`Component PrivKeyModal - test PrivKeyModal - snapshot 1`] = `
<RCTSafeAreaView
  emulateUnlessSupported={true}
  style={
    Object {
      "alignItems": "stretch",
      "backgroundColor": "rgb(242, 242, 242)",
      "display": "flex",
      "height": "100%",
      "justifyContent": "flex-start",
    }
  }
>
  <View>
    <View
      style={
        Object {
          "alignItems": "center",
          "backgroundColor": "rgb(255, 255, 255)",
          "paddingBottom": 25,
          "paddingTop": 25,
        }
      }
    >
      <Text
        style={
          Object {
            "color": "rgb(28, 28, 30)",
            "fontSize": 28,
            "marginTop": 5,
            "padding": 5,
          }
        }
      >
        Private
         Key
      </Text>
      <View
        accessible={true}
        focusable={true}
        onClick={[Function]}
        onResponderGrant={[Function]}
        onResponderMove={[Function]}
        onResponderRelease={[Function]}
        onResponderTerminate={[Function]}
        onResponderTerminationRequest={[Function]}
        onStartShouldSetResponder={[Function]}
        style={
          Object {
            "opacity": 1,
          }
        }
      >
        <Text
          style={
            Object {
              "color": "rgb(28, 28, 30)",
              "marginLeft": 10,
              "marginRight": 10,
              "opacity": 0.65,
              "textAlign": "center",
            }
          }
        >
          
        </Text>
      </View>
    </View>
    <View
      style={
        Object {
          "alignItems": "center",
          "display": "flex",
          "marginTop": -25,
        }
      }
    >
      <Image
        source={
          Object {
            "testUri": "../../../assets/img/logobig-zingo.png",
          }
        }
        style={
          Object {
            "height": 50,
            "resizeMode": "contain",
            "width": 50,
          }
        }
      />
    </View>
  </View>
  <RCTScrollView
    contentContainerStyle={
      Object {
        "alignItems": "stretch",
        "flexDirection": "column",
        "justifyContent": "flex-start",
      }
    }
    style={
      Object {
        "maxHeight": "85%",
      }
    }
  >
    <View>
      <View
        style={
          Object {
            "alignItems": "center",
            "display": "flex",
            "flexDirection": "column",
            "marginTop": 10,
          }
        }
      >
        <View
          style={
            Object {
              "backgroundColor": "rgb(255, 255, 255)",
              "marginBottom": 20,
              "marginTop": 15,
              "padding": 10,
            }
          }
        >
          <mockQRCode />
        </View>
        <View
          accessible={true}
          focusable={true}
          onClick={[Function]}
          onResponderGrant={[Function]}
          onResponderMove={[Function]}
          onResponderRelease={[Function]}
          onResponderTerminate={[Function]}
          onResponderTerminationRequest={[Function]}
          onStartShouldSetResponder={[Function]}
          style={
            Object {
              "opacity": 1,
            }
          }
        >
          <Text
            style={
              Object {
                "color": "rgb(28, 28, 30)",
                "marginBottom": 5,
                "textDecorationLine": "underline",
              }
            }
          >
            Tap To Copy
          </Text>
        </View>
        <Text
          style={
            Object {
              "color": "rgb(28, 28, 30)",
              "flexBasis": "100%",
              "fontFamily": "Courier",
              "fontSize": 18,
              "opacity": 0.65,
              "textAlign": "center",
            }
          }
        >
          
        </Text>
      </View>
    </View>
  </RCTScrollView>
  <View
    style={
      Object {
        "alignItems": "center",
        "flexDirection": "row",
        "flexGrow": 1,
        "justifyContent": "center",
        "margin": 10,
      }
    }
  >
    <View
      accessible={true}
      focusable={true}
      onClick={[Function]}
      onResponderGrant={[Function]}
      onResponderMove={[Function]}
      onResponderRelease={[Function]}
      onResponderTerminate={[Function]}
      onResponderTerminationRequest={[Function]}
      onStartShouldSetResponder={[Function]}
      style={
        Object {
          "borderColor": "rgb(28, 28, 30)",
          "borderRadius": 10,
          "borderWidth": 1,
          "opacity": 1,
          "padding": 10,
          "paddingLeft": 20,
          "paddingRight": 20,
          "width": "40%",
        }
      }
    >
      <Text
        style={
          Object {
            "color": "rgb(28, 28, 30)",
            "fontWeight": "bold",
            "textAlign": "center",
            "textTransform": "uppercase",
          }
        }
      >
        Close
      </Text>
    </View>
  </View>
</RCTSafeAreaView>
`;
