// Jest Snapshot v1, https://goo.gl/fbAQLP

exports[`Component ReceiveScreen - test ReceiveScreen - snapshot 1`] = `
<
  navigationState={
    {
      "index": 0,
      "routes": [
        {
          "key": "uaddr",
          "title": undefined,
        },
      ],
    }
  }
  onIndexChange={[Function]}
  renderScene={[Function]}
  renderTabBar={[Function]}
/>
`;
