// Jest Snapshot v1, https://goo.gl/fbAQLP

exports[`Component SeedComponent - test SeedComponent - snapshot 1`] = `
<View
  style={
    Array [
      Object {
        "alignItems": "stretch",
        "backgroundColor": "rgb(242, 242, 242)",
        "flex": 1,
        "flexDirection": "column",
        "justifyContent": "center",
      },
    ]
  }
>
  <View>
    <View
      style={
        Object {
          "alignItems": "center",
          "backgroundColor": "rgb(255, 255, 255)",
          "paddingBottom": 25,
          "paddingTop": 25,
        }
      }
    >
      <Text
        style={
          Object {
            "color": "rgb(28, 28, 30)",
            "fontSize": 28,
            "marginTop": 5,
            "padding": 5,
          }
        }
      >
        Wallet Seed
      </Text>
    </View>
    <View
      style={
        Object {
          "alignItems": "center",
          "display": "flex",
          "marginTop": -25,
        }
      }
    >
      <Image
        source={
          Object {
            "testUri": "../../../assets/img/logobig.png",
          }
        }
        style={
          Object {
            "height": 50,
            "resizeMode": "contain",
            "width": 50,
          }
        }
      />
    </View>
  </View>
  <Text
    style={
      Object {
        "color": "rgb(28, 28, 30)",
        "marginTop": 20,
        "opacity": 0.65,
        "padding": 10,
        "textAlign": "center",
      }
    }
  >
    This is your seed phrase. Please write it down carefully. It is the only way to restore your wallet.
  </Text>
  <View
    style={
      Object {
        "borderColor": "rgb(28, 28, 30)",
        "borderRadius": 10,
        "borderWidth": 1,
        "marginTop": 10,
        "padding": 10,
      }
    }
  >
    <Text
      style={
        Array [
          Object {
            "textAlign": "center",
          },
          Object {
            "color": "rgb(28, 28, 30)",
            "fontSize": 18,
            "fontWeight": "600",
            "opacity": 0.87,
          },
        ]
      }
    >
      
    </Text>
    <View
      accessible={true}
      focusable={true}
      onClick={[Function]}
      onResponderGrant={[Function]}
      onResponderMove={[Function]}
      onResponderRelease={[Function]}
      onResponderTerminate={[Function]}
      onResponderTerminationRequest={[Function]}
      onStartShouldSetResponder={[Function]}
      style={
        Object {
          "opacity": 1,
        }
      }
    >
      <Text
        style={
          Object {
            "color": "rgb(28, 28, 30)",
            "marginTop": 10,
            "padding": 10,
            "textAlign": "center",
            "textDecorationLine": "underline",
          }
        }
      >
        Tap to copy
      </Text>
    </View>
  </View>
  <View
    style={
      Object {
        "marginTop": 10,
      }
    }
  >
    <Text
      style={
        Object {
          "color": "rgb(28, 28, 30)",
          "opacity": 0.65,
          "textAlign": "center",
        }
      }
    >
      Wallet Birthday
    </Text>
  </View>
  <Text
    style={
      Array [
        Object {
          "textAlign": "center",
        },
        Object {
          "color": "rgb(28, 28, 30)",
          "fontSize": 18,
          "fontWeight": "600",
          "opacity": 0.87,
        },
      ]
    }
  >
    0
  </Text>
  <View
    style={
      Object {
        "alignItems": "center",
        "flexDirection": "row",
        "flexGrow": 1,
        "justifyContent": "center",
      }
    }
  >
    <View
      accessible={true}
      focusable={true}
      onClick={[Function]}
      onResponderGrant={[Function]}
      onResponderMove={[Function]}
      onResponderRelease={[Function]}
      onResponderTerminate={[Function]}
      onResponderTerminationRequest={[Function]}
      onStartShouldSetResponder={[Function]}
      style={
        Object {
          "backgroundColor": "rgb(0, 122, 255)",
          "borderRadius": 10,
          "opacity": 1,
          "padding": 10,
          "paddingLeft": 20,
          "paddingRight": 20,
          "width": "40%",
        }
      }
    >
      <Text
        style={
          Object {
            "color": "rgb(242, 242, 242)",
            "fontWeight": "bold",
            "textAlign": "center",
            "textTransform": "uppercase",
          }
        }
      >
        I have saved the seed
      </Text>
    </View>
  </View>
</View>
`;
