// Jest Snapshot v1, https://goo.gl/fbAQLP

exports[`Component SyncReport - test Matches the snapshot SyncReport 1`] = `
<RCTSafeAreaView
  style={
    {
      "alignItems": "stretch",
      "backgroundColor": "rgb(242, 242, 242)",
      "display": "flex",
      "height": "100%",
      "justifyContent": "flex-start",
    }
  }
>
  <View
    style={
      {
        "alignItems": "center",
        "backgroundColor": "rgb(255, 255, 255)",
        "display": "flex",
        "paddingBottom": 0,
        "paddingTop": 10,
        "zIndex": -1,
      }
    }
    testID="header"
  >
    <Image
      source={
        {
          "testUri": "../../../assets/img/logobig-zingo.png",
        }
      }
      style={
        {
          "height": 80,
          "resizeMode": "contain",
          "width": 80,
        }
      }
    />
    <View
      style={
        {
          "height": 20,
        }
      }
    />
    <View
      style={
        {
          "alignItems": "center",
          "display": "flex",
          "flexDirection": "row",
          "flexWrap": "wrap",
          "justifyContent": "center",
          "marginVertical": 5,
        }
      }
    >
      <View
        style={
          {
            "alignItems": "center",
            "display": "flex",
            "flexDirection": "column",
            "flexWrap": "wrap",
            "justifyContent": "center",
          }
        }
      >
        <Text
          style={
            {
              "color": "rgb(28, 28, 30)",
              "fontSize": 18,
              "fontWeight": "600",
              "opacity": 1,
              "paddingHorizontal": 5,
            }
          }
        >
          translated text
        </Text>
      </View>
    </View>
    <View
      style={
        {
          "alignItems": "flex-end",
          "padding": 15,
          "position": "absolute",
          "right": 0,
        }
      }
    >
      <Text
        style={
          {
            "color": "rgb(216, 216, 216)",
            "fontSize": 8,
          }
        }
      >
        translated text
      </Text>
      <Text
        style={
          {
            "color": "rgb(216, 216, 216)",
            "fontSize": 8,
          }
        }
      >
        (undefinedxundefined)-undefined
      </Text>
    </View>
    <View
      style={
        {
          "backgroundColor": "rgb(0, 122, 255)",
          "height": 1,
          "width": "100%",
        }
      }
    />
  </View>
  <RCTScrollView
    contentContainerStyle={
      {
        "alignItems": "stretch",
        "flexDirection": "column",
        "justifyContent": "flex-start",
      }
    }
    style={
      {
        "maxHeight": "85%",
      }
    }
  >
    <View>
      <View
        style={
          {
            "alignItems": "flex-end",
            "display": "flex",
            "flexDirection": "row",
            "marginHorizontal": 20,
          }
        }
      >
        <View
          style={
            {
              "display": "flex",
              "marginTop": 20,
            }
          }
        >
          <Text
            style={
              {
                "color": "rgb(28, 28, 30)",
                "opacity": 0.65,
              }
            }
          >
            translated text
          </Text>
          <View
            style={
              {
                "width": 10,
              }
            }
          />
          <View
            style={
              {
                "display": "flex",
                "flexDirection": "row",
              }
            }
          >
            <Text
              style={
                {
                  "color": "red",
                  "fontSize": 18,
                  "fontWeight": "600",
                  "opacity": 1,
                }
              }
            >
               
              translated text
               
            </Text>
          </View>
        </View>
        <
          color="red"
          icon={
            {
              "icon": [
                640,
                512,
                [
                  62337,
                  "cloud-download",
                  "cloud-download-alt",
                ],
                "f0ed",
                "M144 480C64.5 480 0 415.5 0 336c0-62.8 40.2-116.2 96.2-135.9c-.1-2.7-.2-5.4-.2-8.1c0-88.4 71.6-160 160-160c59.3 0 111 32.2 138.7 80.2C409.9 102 428.3 96 448 96c53 0 96 43 96 96c0 12.2-2.3 23.8-6.4 34.6C596 238.4 640 290.1 640 352c0 70.7-57.3 128-128 128H144zm79-167l80 80c9.4 9.4 24.6 9.4 33.9 0l80-80c9.4-9.4 9.4-24.6 0-33.9s-24.6-9.4-33.9 0l-39 39V184c0-13.3-10.7-24-24-24s-24 10.7-24 24V318.1l-39-39c-9.4-9.4-24.6-9.4-33.9 0s-9.4 24.6 0 33.9z",
              ],
              "iconName": "cloud-arrow-down",
              "prefix": "fas",
            }
          }
          size={20}
          style={
            {
              "marginBottom": 5,
              "marginLeft": 5,
            }
          }
        />
      </View>
      <View
        style={
          {
            "display": "flex",
            "margin": 20,
            "marginBottom": 30,
          }
        }
      >
        <View
          style={
            {
              "display": "flex",
              "marginTop": 20,
            }
          }
        >
          <Text
            style={
              {
                "color": "rgb(28, 28, 30)",
                "opacity": 0.65,
              }
            }
          >
            Sync ID
          </Text>
          <View
            style={
              {
                "width": 10,
              }
            }
          />
          <Text
            style={
              {
                "color": "rgb(28, 28, 30)",
                "fontSize": 18,
                "fontWeight": "600",
                "opacity": 1,
              }
            }
          >
            1 - (translated text)
          </Text>
        </View>
        <View
          style={
            {
              "backgroundColor": "white",
              "height": 2,
              "marginBottom": 10,
              "marginTop": 15,
              "width": "100%",
            }
          }
        />
        <View
          style={
            {
              "display": "flex",
              "flexDirection": "row",
              "justifyContent": "space-between",
              "marginTop": 10,
              "width": "100%",
            }
          }
        >
          <Text
            style={
              {
                "color": "rgb(0, 122, 255)",
              }
            }
          >
            0
          </Text>
          <Text
            style={
              {
                "color": "rgb(0, 122, 255)",
              }
            }
          >
            500K
          </Text>
          <Text
            style={
              {
                "color": "rgb(0, 122, 255)",
              }
            }
          >
            1M
          </Text>
          <Text
            style={
              {
                "color": "rgb(0, 122, 255)",
              }
            }
          >
            1.5M
          </Text>
          <Text
            style={
              {
                "color": "rgb(0, 122, 255)",
              }
            }
          >
            2M
          </Text>
        </View>
        <View
          style={
            {
              "display": "flex",
              "flexDirection": "row",
              "width": "100%",
            }
          }
        >
          <View
            style={
              {
                "borderLeftColor": "rgb(0, 122, 255)",
                "borderLeftWidth": 1,
                "borderRightColor": "rgb(0, 122, 255)",
                "borderRightWidth": 1,
                "height": 10,
                "width": "25%",
              }
            }
          />
          <View
            style={
              {
                "borderLeftColor": "rgb(0, 122, 255)",
                "borderLeftWidth": 1,
                "borderRightColor": "rgb(0, 122, 255)",
                "borderRightWidth": 1,
                "height": 10,
                "width": "25%",
              }
            }
          />
          <View
            style={
              {
                "borderLeftColor": "rgb(0, 122, 255)",
                "borderLeftWidth": 1,
                "borderRightColor": "rgb(0, 122, 255)",
                "borderRightWidth": 1,
                "height": 10,
                "width": "25%",
              }
            }
          />
          <View
            style={
              {
                "borderLeftColor": "rgb(0, 122, 255)",
                "borderLeftWidth": 1,
                "borderRightColor": "rgb(0, 122, 255)",
                "borderRightWidth": 1,
                "height": 10,
                "width": "25%",
              }
            }
          />
        </View>
        <View
          style={
            {
              "borderBottomColor": "rgb(0, 122, 255)",
              "borderBottomWidth": 2,
              "display": "flex",
              "flexDirection": "row",
              "justifyContent": "flex-start",
              "marginBottom": 0,
              "width": "100%",
            }
          }
        >
          <View
            style={
              {
                "backgroundColor": "blue",
                "borderLeftColor": "rgb(0, 122, 255)",
                "borderLeftWidth": 1,
                "borderRightColor": "blue",
                "borderRightWidth": 1,
                "height": 10,
                "width": "75.00505%",
              }
            }
          />
          <View
            style={
              {
                "backgroundColor": "yellow",
                "borderBottomColor": "blue",
                "borderBottomWidth": 5,
                "borderRightColor": "yellow",
                "borderRightWidth": 1,
                "height": 10,
                "width": "19.99995%",
              }
            }
          />
          <View
            style={
              {
                "backgroundColor": "transparent",
                "borderRightColor": "rgb(0, 122, 255)",
                "borderRightWidth": 1,
                "height": 10,
                "width": "4.995%",
              }
            }
          />
        </View>
        <View
          style={
            {
              "alignItems": "center",
              "display": "flex",
              "flexDirection": "row",
              "justifyContent": "flex-start",
              "marginTop": 5,
              "width": "100%",
            }
          }
        >
          <Text
            style={
              {
                "color": "rgb(0, 122, 255)",
              }
            }
          >
            translated text
          </Text>
          <View
            style={
              {
                "backgroundColor": "blue",
                "display": "flex",
                "flexDirection": "row",
                "height": 10,
                "justifyContent": "flex-start",
                "margin": 5,
                "width": 10,
              }
            }
          />
          <Text
            style={
              {
                "color": "rgb(28, 28, 30)",
              }
            }
          >
            1900100translated text
          </Text>
        </View>
        <View
          style={
            {
              "alignItems": "center",
              "display": "flex",
              "flexDirection": "row",
              "justifyContent": "flex-start",
              "marginTop": 5,
              "width": "100%",
            }
          }
        >
          <Text
            style={
              {
                "color": "rgb(0, 122, 255)",
              }
            }
          >
            translated text
          </Text>
          <View
            style={
              {
                "backgroundColor": "yellow",
                "display": "flex",
                "flexDirection": "row",
                "height": 10,
                "justifyContent": "flex-start",
                "margin": 5,
                "width": 10,
              }
            }
          />
          <Text
            style={
              {
                "color": "rgb(28, 28, 30)",
              }
            }
          >
            399999translated text
          </Text>
        </View>
        <View
          style={
            {
              "backgroundColor": "white",
              "height": 1,
              "marginBottom": 10,
              "marginTop": 15,
              "width": "100%",
            }
          }
        />
        <View
          style={
            {
              "display": "flex",
              "flexDirection": "row",
              "justifyContent": "space-between",
              "marginTop": 10,
              "width": "100%",
            }
          }
        >
          <Text
            style={
              {
                "color": "rgb(0, 122, 255)",
              }
            }
          >
            1500100
          </Text>
          <Text
            style={
              {
                "color": "rgb(0, 122, 255)",
              }
            }
          >
            1900100
          </Text>
        </View>
        <View
          style={
            {
              "display": "flex",
              "flexDirection": "row",
              "justifyContent": "space-between",
              "width": "100%",
            }
          }
        >
          <View
            style={
              {
                "borderLeftColor": "rgb(0, 122, 255)",
                "borderLeftWidth": 1,
                "height": 10,
              }
            }
          />
          <View
            style={
              {
                "borderRightColor": "rgb(0, 122, 255)",
                "borderRightWidth": 1,
                "height": 10,
              }
            }
          />
        </View>
        <View
          style={
            {
              "borderBottomColor": "rgb(0, 122, 255)",
              "borderBottomWidth": 2,
              "display": "flex",
              "flexDirection": "row",
              "justifyContent": "flex-start",
              "marginBottom": 0,
              "width": "100%",
            }
          }
        >
          <View
            style={
              {
                "backgroundColor": "lightyellow",
                "borderLeftColor": "rgb(0, 122, 255)",
                "borderLeftWidth": 1,
                "borderRightColor": "lightyellow",
                "borderRightWidth": 1,
                "height": 10,
                "width": "24.99981249953125%",
              }
            }
          />
          <View
            style={
              {
                "backgroundColor": "orange",
                "borderRightColor": "orange",
                "borderRightWidth": 1,
                "height": 10,
                "width": "50.0001250003125%",
              }
            }
          />
          <View
            style={
              {
                "backgroundColor": "#333333",
                "borderRightColor": "rgb(0, 122, 255)",
                "borderRightWidth": 1,
                "height": 10,
                "width": "25.00006250015625%",
              }
            }
          />
        </View>
        <View
          style={
            {
              "alignItems": "center",
              "display": "flex",
              "flexDirection": "row",
              "justifyContent": "flex-start",
              "marginTop": 5,
              "width": "100%",
            }
          }
        >
          <Text
            style={
              {
                "color": "rgb(0, 122, 255)",
              }
            }
          >
            translated text
          </Text>
          <View
            style={
              {
                "backgroundColor": "lightyellow",
                "display": "flex",
                "flexDirection": "row",
                "height": 10,
                "justifyContent": "flex-start",
                "margin": 5,
                "width": 10,
              }
            }
          />
          <Text
            style={
              {
                "color": "rgb(28, 28, 30)",
              }
            }
          >
            99999translated text25.00%
          </Text>
        </View>
        <View
          style={
            {
              "alignItems": "center",
              "display": "flex",
              "flexDirection": "row",
              "justifyContent": "flex-start",
              "marginTop": 5,
              "width": "100%",
            }
          }
        >
          <Text
            style={
              {
                "color": "rgb(0, 122, 255)",
              }
            }
          >
            translated text
          </Text>
          <View
            style={
              {
                "backgroundColor": "orange",
                "display": "flex",
                "flexDirection": "row",
                "height": 10,
                "justifyContent": "flex-start",
                "margin": 5,
                "width": 10,
              }
            }
          />
          <Text
            style={
              {
                "color": "rgb(28, 28, 30)",
              }
            }
          >
            200000translated text50.00%
          </Text>
        </View>
        <View
          style={
            {
              "alignItems": "center",
              "display": "flex",
              "flexDirection": "row",
              "justifyContent": "flex-start",
              "marginTop": 5,
              "width": "100%",
            }
          }
        >
          <Text
            style={
              {
                "color": "rgb(0, 122, 255)",
              }
            }
          >
            translated text
          </Text>
          <View
            style={
              {
                "backgroundColor": "#333333",
                "display": "flex",
                "flexDirection": "row",
                "height": 10,
                "justifyContent": "flex-start",
                "margin": 5,
                "width": 10,
              }
            }
          />
          <Text
            style={
              {
                "color": "rgb(28, 28, 30)",
              }
            }
          >
            100000translated text25.00%
          </Text>
        </View>
        <View
          style={
            {
              "backgroundColor": "white",
              "height": 2,
              "marginTop": 15,
              "width": "100%",
            }
          }
        />
        <View
          style={
            {
              "display": "flex",
              "marginTop": 20,
            }
          }
        >
          <Text
            style={
              {
                "color": "rgb(28, 28, 30)",
                "opacity": 0.65,
              }
            }
          >
            translated text
          </Text>
          <View
            style={
              {
                "width": 10,
              }
            }
          />
          <Text
            style={
              {
                "color": "rgb(28, 28, 30)",
                "fontSize": 18,
                "fontWeight": "600",
                "opacity": 1,
              }
            }
          >
            translated text5translated text50
          </Text>
        </View>
        <View
          style={
            {
              "display": "flex",
              "marginTop": 20,
            }
          }
        >
          <Text
            style={
              {
                "color": "rgb(28, 28, 30)",
                "opacity": 0.65,
              }
            }
          >
            translated text
          </Text>
          <View
            style={
              {
                "width": 10,
              }
            }
          />
          <Text
            style={
              {
                "color": "rgb(28, 28, 30)",
                "fontSize": 18,
                "fontWeight": "600",
                "opacity": 1,
              }
            }
          >
            100
          </Text>
        </View>
        <View
          style={
            {
              "alignItems": "flex-end",
              "flexDirection": "row",
            }
          }
        >
          <View
            style={
              {
                "display": "flex",
                "marginTop": 20,
              }
            }
          >
            <Text
              style={
                {
                  "color": "rgb(28, 28, 30)",
                  "opacity": 0.65,
                }
              }
            >
              translated text
            </Text>
            <View
              style={
                {
                  "width": 10,
                }
              }
            />
            <Text
              style={
                {
                  "color": "rgb(28, 28, 30)",
                  "fontSize": 18,
                  "fontWeight": "600",
                  "opacity": 1,
                }
              }
            >
              122
            </Text>
          </View>
          <View
            style={
              {
                "margin": 10,
              }
            }
          >
            <RNSVGSvgView
              bbHeight="20"
              bbWidth="20"
              focusable={false}
              height={20}
              style={
                [
                  {
                    "backgroundColor": "transparent",
                    "borderWidth": 0,
                  },
                  {
                    "flex": 0,
                    "height": 20,
                    "width": 20,
                  },
                ]
              }
              width={20}
            >
              <RNSVGGroup
                fill={
                  {
                    "payload": 4278190080,
                    "type": 0,
                  }
                }
              >
                <RNSVGCircle
                  cx="10"
                  cy="10"
                  fill={null}
                  propList={
                    [
                      "fill",
                      "stroke",
                      "strokeWidth",
                    ]
                  }
                  r="9.5"
                  stroke={
                    {
                      "payload": 4294967295,
                      "type": 0,
                    }
                  }
                  strokeWidth="1"
                />
                <RNSVGCircle
                  cx="10"
                  cy="10"
                  fill={null}
                  matrix={
                    [
                      6.123233995736766e-17,
                      -1,
                      1,
                      6.123233995736766e-17,
                      0,
                      20,
                    ]
                  }
                  propList={
                    [
                      "fill",
                      "stroke",
                      "strokeWidth",
                      "strokeDasharray",
                      "strokeDashoffset",
                      "strokeLinecap",
                    ]
                  }
                  r="9.5"
                  stroke={
                    {
                      "payload": 4278221567,
                      "type": 0,
                    }
                  }
                  strokeDasharray={
                    [
                      "59.690260418206066",
                      "59.690260418206066",
                    ]
                  }
                  strokeDashoffset={47.752208334564855}
                  strokeLinecap={1}
                  strokeWidth="1"
                />
                <RNSVGText
                  content={null}
                  dx={[]}
                  dy={[]}
                  fill={
                    {
                      "payload": 4280032286,
                      "type": 0,
                    }
                  }
                  font={
                    {
                      "fontSize": "12",
                      "textAnchor": "middle",
                    }
                  }
                  propList={
                    [
                      "fill",
                    ]
                  }
                  rotate={[]}
                  x={
                    [
                      "10",
                    ]
                  }
                  y={
                    [
                      "15",
                    ]
                  }
                >
                  <RNSVGTSpan
                    content=""
                    dx={[]}
                    dy={[]}
                    fill={
                      {
                        "payload": 4278190080,
                        "type": 0,
                      }
                    }
                    font={{}}
                    rotate={[]}
                    x={[]}
                    y={[]}
                  />
                </RNSVGText>
              </RNSVGGroup>
            </RNSVGSvgView>
          </View>
        </View>
        <View
          style={
            {
              "backgroundColor": "rgb(0, 122, 255)",
              "height": 2,
              "marginTop": 10,
              "width": "100%",
            }
          }
        />
        <View
          style={
            {
              "display": "flex",
              "marginTop": 20,
            }
          }
        >
          <Text
            style={
              {
                "color": "rgb(28, 28, 30)",
                "opacity": 0.65,
              }
            }
          >
            translated text
          </Text>
          <View
            style={
              {
                "width": 10,
              }
            }
          />
          <Text
            style={
              {
                "color": "rgb(28, 28, 30)",
                "fontSize": 18,
                "fontWeight": "600",
                "opacity": 1,
              }
            }
          >
            translated text1800100translated text1900100
          </Text>
        </View>
      </View>
    </View>
  </RCTScrollView>
  <View
    style={
      {
        "alignItems": "center",
        "flexDirection": "row",
        "flexGrow": 1,
        "justifyContent": "center",
        "marginVertical": 5,
      }
    }
  >
    <View
      accessible={true}
      collapsable={false}
      focusable={true}
      onClick={[Function]}
      onResponderGrant={[Function]}
      onResponderMove={[Function]}
      onResponderRelease={[Function]}
      onResponderTerminate={[Function]}
      onResponderTerminationRequest={[Function]}
      onStartShouldSetResponder={[Function]}
      style={
        {
          "alignItems": "center",
          "borderColor": "rgb(0, 122, 255)",
          "borderRadius": 10,
          "borderWidth": 2,
          "justifyContent": "center",
          "maxWidth": "90%",
          "minHeight": 48,
          "minWidth": "30%",
          "opacity": 1,
          "padding": 0,
          "paddingLeft": 20,
          "paddingRight": 20,
        }
      }
    >
      <View
        style={
          {
            "alignItems": "center",
            "display": "flex",
            "flexDirection": "row",
            "justifyContent": "center",
            "margin": 0,
            "minHeight": 48,
            "minWidth": 48,
            "padding": 0,
          }
        }
      >
        <Text
          style={
            {
              "color": "rgb(0, 122, 255)",
              "fontSize": 16,
              "fontWeight": "bold",
              "textTransform": "uppercase",
            }
          }
        >
          translated text
        </Text>
      </View>
    </View>
  </View>
</RCTSafeAreaView>
`;
